---
source: jswt-parser/src/lib.rs
expression: actual
---
Ast {
    program: Program {
        files: [
            File {
                span: Span {
                    file: "parse_postfix_unary_expression",
                    module: "module/parse_postfix_unary_expression",
                    start: 0,
                    end: 31,
                },
                source_elements: SourceElements {
                    span: Span {
                        file: "parse_postfix_unary_expression",
                        module: "module/parse_postfix_unary_expression",
                        start: 0,
                        end: 31,
                    },
                    source_elements: [
                        VariableDeclaration(
                            VariableDeclarationElement {
                                annotations: [],
                                export: false,
                                span: Span {
                                    file: "parse_postfix_unary_expression",
                                    module: "module/parse_postfix_unary_expression",
                                    start: 0,
                                    end: 18,
                                },
                                modifier: Let(
                                    Span {
                                        file: "parse_postfix_unary_expression",
                                        module: "module/parse_postfix_unary_expression",
                                        start: 0,
                                        end: 3,
                                    },
                                ),
                                name: Identifier {
                                    span: Span {
                                        file: "parse_postfix_unary_expression",
                                        module: "module/parse_postfix_unary_expression",
                                        start: 4,
                                        end: 5,
                                    },
                                    value: "x",
                                },
                                expression: Unary(
                                    UnaryExpression {
                                        span: Span {
                                            file: "parse_postfix_unary_expression",
                                            module: "module/parse_postfix_unary_expression",
                                            start: 15,
                                            end: 15,
                                        },
                                        op: PostDecrement(
                                            Span {
                                                file: "parse_postfix_unary_expression",
                                                module: "module/parse_postfix_unary_expression",
                                                start: 15,
                                                end: 17,
                                            },
                                        ),
                                        expr: Literal(
                                            Integer(
                                                IntegerLiteral {
                                                    span: Span {
                                                        file: "parse_postfix_unary_expression",
                                                        module: "module/parse_postfix_unary_expression",
                                                        start: 13,
                                                        end: 15,
                                                    },
                                                    value: 99,
                                                    ty: Unknown,
                                                },
                                            ),
                                        ),
                                        ty: Unknown,
                                    },
                                ),
                                type_annotation: Some(
                                    TypeAnnotation {
                                        span: Span {
                                            file: "parse_postfix_unary_expression",
                                            module: "module/parse_postfix_unary_expression",
                                            start: 7,
                                            end: 10,
                                        },
                                        ty: Binding(
                                            "i32",
                                        ),
                                    },
                                ),
                            },
                        ),
                        VariableDeclaration(
                            VariableDeclarationElement {
                                annotations: [],
                                export: false,
                                span: Span {
                                    file: "parse_postfix_unary_expression",
                                    module: "module/parse_postfix_unary_expression",
                                    start: 19,
                                    end: 31,
                                },
                                modifier: Let(
                                    Span {
                                        file: "parse_postfix_unary_expression",
                                        module: "module/parse_postfix_unary_expression",
                                        start: 19,
                                        end: 22,
                                    },
                                ),
                                name: Identifier {
                                    span: Span {
                                        file: "parse_postfix_unary_expression",
                                        module: "module/parse_postfix_unary_expression",
                                        start: 23,
                                        end: 24,
                                    },
                                    value: "y",
                                },
                                expression: Unary(
                                    UnaryExpression {
                                        span: Span {
                                            file: "parse_postfix_unary_expression",
                                            module: "module/parse_postfix_unary_expression",
                                            start: 28,
                                            end: 28,
                                        },
                                        op: PostIncrement(
                                            Span {
                                                file: "parse_postfix_unary_expression",
                                                module: "module/parse_postfix_unary_expression",
                                                start: 28,
                                                end: 30,
                                            },
                                        ),
                                        expr: Identifier(
                                            IdentifierExpression {
                                                span: Span {
                                                    file: "parse_postfix_unary_expression",
                                                    module: "module/parse_postfix_unary_expression",
                                                    start: 27,
                                                    end: 28,
                                                },
                                                ident: Identifier {
                                                    span: Span {
                                                        file: "parse_postfix_unary_expression",
                                                        module: "module/parse_postfix_unary_expression",
                                                        start: 27,
                                                        end: 28,
                                                    },
                                                    value: "i",
                                                },
                                                ty: Unknown,
                                            },
                                        ),
                                        ty: Unknown,
                                    },
                                ),
                                type_annotation: None,
                            },
                        ),
                    ],
                },
            },
        ],
    },
}
