---
source: jswt-parser/src/lib.rs
expression: actual

---
Ast {
    program: Program {
        files: [
            File {
                span: Span {
                    file: "test_parse_array_literal",
                    module: "module/test_parse_array_literal",
                    start: 0,
                    end: 29,
                },
                source_elements: SourceElements {
                    span: Span {
                        file: "test_parse_array_literal",
                        module: "module/test_parse_array_literal",
                        start: 0,
                        end: 29,
                    },
                    source_elements: [
                        VariableDeclaration(
                            VariableDeclarationElement {
                                annotations: [],
                                export: false,
                                span: Span {
                                    file: "test_parse_array_literal",
                                    module: "module/test_parse_array_literal",
                                    start: 0,
                                    end: 29,
                                },
                                modifier: Let(
                                    Span {
                                        file: "test_parse_array_literal",
                                        module: "module/test_parse_array_literal",
                                        start: 0,
                                        end: 3,
                                    },
                                ),
                                name: Identifier {
                                    span: Span {
                                        file: "test_parse_array_literal",
                                        module: "module/test_parse_array_literal",
                                        start: 4,
                                        end: 5,
                                    },
                                    value: "x",
                                },
                                expression: Literal(
                                    Array(
                                        ArrayLiteral {
                                            span: Span {
                                                file: "test_parse_array_literal",
                                                module: "module/test_parse_array_literal",
                                                start: 8,
                                                end: 28,
                                            },
                                            elements: [
                                                Unary(
                                                    UnaryExpression {
                                                        span: Span {
                                                            file: "test_parse_array_literal",
                                                            module: "module/test_parse_array_literal",
                                                            start: 9,
                                                            end: 11,
                                                        },
                                                        op: Minus(
                                                            Span {
                                                                file: "test_parse_array_literal",
                                                                module: "module/test_parse_array_literal",
                                                                start: 9,
                                                                end: 10,
                                                            },
                                                        ),
                                                        expr: Literal(
                                                            Integer(
                                                                IntegerLiteral {
                                                                    span: Span {
                                                                        file: "test_parse_array_literal",
                                                                        module: "module/test_parse_array_literal",
                                                                        start: 10,
                                                                        end: 11,
                                                                    },
                                                                    value: 1,
                                                                    ty: Unknown,
                                                                },
                                                            ),
                                                        ),
                                                        ty: Unknown,
                                                    },
                                                ),
                                                Literal(
                                                    Integer(
                                                        IntegerLiteral {
                                                            span: Span {
                                                                file: "test_parse_array_literal",
                                                                module: "module/test_parse_array_literal",
                                                                start: 13,
                                                                end: 15,
                                                            },
                                                            value: 10,
                                                            ty: Unknown,
                                                        },
                                                    ),
                                                ),
                                                Unary(
                                                    UnaryExpression {
                                                        span: Span {
                                                            file: "test_parse_array_literal",
                                                            module: "module/test_parse_array_literal",
                                                            start: 17,
                                                            end: 19,
                                                        },
                                                        op: Minus(
                                                            Span {
                                                                file: "test_parse_array_literal",
                                                                module: "module/test_parse_array_literal",
                                                                start: 17,
                                                                end: 18,
                                                            },
                                                        ),
                                                        expr: Literal(
                                                            Integer(
                                                                IntegerLiteral {
                                                                    span: Span {
                                                                        file: "test_parse_array_literal",
                                                                        module: "module/test_parse_array_literal",
                                                                        start: 18,
                                                                        end: 19,
                                                                    },
                                                                    value: 5,
                                                                    ty: Unknown,
                                                                },
                                                            ),
                                                        ),
                                                        ty: Unknown,
                                                    },
                                                ),
                                                Literal(
                                                    String(
                                                        StringLiteral {
                                                            span: Span {
                                                                file: "test_parse_array_literal",
                                                                module: "module/test_parse_array_literal",
                                                                start: 21,
                                                                end: 27,
                                                            },
                                                            value: "test",
                                                            ty: Unknown,
                                                        },
                                                    ),
                                                ),
                                            ],
                                            ty: Unknown,
                                        },
                                    ),
                                ),
                                type_annotation: None,
                            },
                        ),
                    ],
                },
            },
        ],
    },
}
