---
source: jswt-parser/src/lib.rs
expression: actual

---
Ast {
    program: Program {
        files: [
            File {
                span: Span {
                    file: "test_parse_while_iteration_statement",
                    module: "module/test_parse_while_iteration_statement",
                    start: 0,
                    end: 58,
                },
                source_elements: SourceElements {
                    span: Span {
                        file: "test_parse_while_iteration_statement",
                        module: "module/test_parse_while_iteration_statement",
                        start: 0,
                        end: 58,
                    },
                    source_elements: [
                        FunctionDeclaration(
                            FunctionDeclarationElement {
                                span: Span {
                                    file: "test_parse_while_iteration_statement",
                                    module: "module/test_parse_while_iteration_statement",
                                    start: 0,
                                    end: 58,
                                },
                                decorators: FunctionDecorators {
                                    annotations: [],
                                    export: false,
                                },
                                ident: Identifier {
                                    span: Span {
                                        file: "test_parse_while_iteration_statement",
                                        module: "module/test_parse_while_iteration_statement",
                                        start: 9,
                                        end: 13,
                                    },
                                    value: "main",
                                },
                                params: FormalParameterList {
                                    span: Span {
                                        file: "test_parse_while_iteration_statement",
                                        module: "module/test_parse_while_iteration_statement",
                                        start: 13,
                                        end: 15,
                                    },
                                    parameters: [],
                                },
                                returns: None,
                                body: BlockStatement {
                                    span: Span {
                                        file: "test_parse_while_iteration_statement",
                                        module: "module/test_parse_while_iteration_statement",
                                        start: 16,
                                        end: 58,
                                    },
                                    statements: StatementList {
                                        statements: [
                                            Iteration(
                                                While(
                                                    WhileIterationElement {
                                                        span: Span {
                                                            file: "test_parse_while_iteration_statement",
                                                            module: "module/test_parse_while_iteration_statement",
                                                            start: 18,
                                                            end: 56,
                                                        },
                                                        expression: Relational(
                                                            BinaryExpression {
                                                                span: Span {
                                                                    file: "test_parse_while_iteration_statement",
                                                                    module: "module/test_parse_while_iteration_statement",
                                                                    start: 24,
                                                                    end: 30,
                                                                },
                                                                left: Identifier(
                                                                    IdentifierExpression {
                                                                        span: Span {
                                                                            file: "test_parse_while_iteration_statement",
                                                                            module: "module/test_parse_while_iteration_statement",
                                                                            start: 24,
                                                                            end: 25,
                                                                        },
                                                                        ident: Identifier {
                                                                            span: Span {
                                                                                file: "test_parse_while_iteration_statement",
                                                                                module: "module/test_parse_while_iteration_statement",
                                                                                start: 24,
                                                                                end: 25,
                                                                            },
                                                                            value: "x",
                                                                        },
                                                                        ty: Unknown,
                                                                    },
                                                                ),
                                                                op: Less(
                                                                    Span {
                                                                        file: "test_parse_while_iteration_statement",
                                                                        module: "module/test_parse_while_iteration_statement",
                                                                        start: 26,
                                                                        end: 27,
                                                                    },
                                                                ),
                                                                right: Literal(
                                                                    Integer(
                                                                        IntegerLiteral {
                                                                            span: Span {
                                                                                file: "test_parse_while_iteration_statement",
                                                                                module: "module/test_parse_while_iteration_statement",
                                                                                start: 28,
                                                                                end: 30,
                                                                            },
                                                                            value: 99,
                                                                            ty: Unknown,
                                                                        },
                                                                    ),
                                                                ),
                                                                ty: Unknown,
                                                            },
                                                        ),
                                                        block: BlockStatement {
                                                            span: Span {
                                                                file: "test_parse_while_iteration_statement",
                                                                module: "module/test_parse_while_iteration_statement",
                                                                start: 32,
                                                                end: 56,
                                                            },
                                                            statements: StatementList {
                                                                statements: [
                                                                    Expression(
                                                                        ExpressionStatement {
                                                                            span: Span {
                                                                                file: "test_parse_while_iteration_statement",
                                                                                module: "module/test_parse_while_iteration_statement",
                                                                                start: 34,
                                                                                end: 54,
                                                                            },
                                                                            expression: Arguments(
                                                                                ArgumentsExpression {
                                                                                    span: Span {
                                                                                        file: "test_parse_while_iteration_statement",
                                                                                        module: "module/test_parse_while_iteration_statement",
                                                                                        start: 34,
                                                                                        end: 53,
                                                                                    },
                                                                                    ident: Identifier(
                                                                                        IdentifierExpression {
                                                                                            span: Span {
                                                                                                file: "test_parse_while_iteration_statement",
                                                                                                module: "module/test_parse_while_iteration_statement",
                                                                                                start: 34,
                                                                                                end: 41,
                                                                                            },
                                                                                            ident: Identifier {
                                                                                                span: Span {
                                                                                                    file: "test_parse_while_iteration_statement",
                                                                                                    module: "module/test_parse_while_iteration_statement",
                                                                                                    start: 34,
                                                                                                    end: 41,
                                                                                                },
                                                                                                value: "println",
                                                                                            },
                                                                                            ty: Unknown,
                                                                                        },
                                                                                    ),
                                                                                    arguments: ArgumentsList {
                                                                                        span: Span {
                                                                                            file: "test_parse_while_iteration_statement",
                                                                                            module: "module/test_parse_while_iteration_statement",
                                                                                            start: 41,
                                                                                            end: 53,
                                                                                        },
                                                                                        arguments: [
                                                                                            Literal(
                                                                                                String(
                                                                                                    StringLiteral {
                                                                                                        span: Span {
                                                                                                            file: "test_parse_while_iteration_statement",
                                                                                                            module: "module/test_parse_while_iteration_statement",
                                                                                                            start: 42,
                                                                                                            end: 52,
                                                                                                        },
                                                                                                        value: "hey taco",
                                                                                                        ty: Unknown,
                                                                                                    },
                                                                                                ),
                                                                                            ),
                                                                                        ],
                                                                                    },
                                                                                    ty: Unknown,
                                                                                },
                                                                            ),
                                                                        },
                                                                    ),
                                                                ],
                                                            },
                                                        },
                                                    },
                                                ),
                                            ),
                                        ],
                                    },
                                },
                            },
                        ),
                    ],
                },
            },
        ],
    },
}
