---
source: jswt-parser/src/lib.rs
expression: actual
---
Ast {
    program: Program {
        files: [
            File {
                span: Span {
                    file: "test_parse_empty_block",
                    module: "module/test_parse_empty_block",
                    start: 0,
                    end: 2,
                },
                source_elements: SourceElements {
                    span: Span {
                        file: "test_parse_empty_block",
                        module: "module/test_parse_empty_block",
                        start: 0,
                        end: 2,
                    },
                    source_elements: [],
                },
            },
        ],
    },
}
