---
source: jswt-parser/src/lib.rs
expression: actual
---
Ast {
    program: Program {
        files: [
            File {
                span: Span {
                    file: "test_parse_variable_statement_with_string",
                    module: "module/test_parse_variable_statement_with_string",
                    start: 0,
                    end: 22,
                },
                source_elements: SourceElements {
                    span: Span {
                        file: "test_parse_variable_statement_with_string",
                        module: "module/test_parse_variable_statement_with_string",
                        start: 0,
                        end: 22,
                    },
                    source_elements: [
                        VariableDeclaration(
                            VariableDeclarationElement {
                                annotations: [],
                                export: false,
                                span: Span {
                                    file: "test_parse_variable_statement_with_string",
                                    module: "module/test_parse_variable_statement_with_string",
                                    start: 0,
                                    end: 22,
                                },
                                modifier: Let(
                                    Span {
                                        file: "test_parse_variable_statement_with_string",
                                        module: "module/test_parse_variable_statement_with_string",
                                        start: 0,
                                        end: 3,
                                    },
                                ),
                                name: Identifier {
                                    span: Span {
                                        file: "test_parse_variable_statement_with_string",
                                        module: "module/test_parse_variable_statement_with_string",
                                        start: 4,
                                        end: 5,
                                    },
                                    value: "x",
                                },
                                expression: Literal(
                                    String(
                                        StringLiteral {
                                            span: Span {
                                                file: "test_parse_variable_statement_with_string",
                                                module: "module/test_parse_variable_statement_with_string",
                                                start: 8,
                                                end: 21,
                                            },
                                            value: "Hello World",
                                            ty: Unknown,
                                        },
                                    ),
                                ),
                                type_annotation: None,
                            },
                        ),
                    ],
                },
            },
        ],
    },
}
