---
source: jswt-mir-lowering/src/class.rs
expression: lowered

---
Ast {
    program: Program {
        files: [
            File {
                span: Span {
                    file: "test_class_declaration_lowers_class_with_empty_constructor",
                    module: "module/test_class_declaration_lowers_class_with_empty_constructor",
                    start: 9,
                    end: 194,
                },
                source_elements: SourceElements {
                    span: Span {
                        file: "test_class_declaration_lowers_class_with_empty_constructor",
                        module: "module/test_class_declaration_lowers_class_with_empty_constructor",
                        start: 9,
                        end: 194,
                    },
                    source_elements: [
                        FunctionDeclaration(
                            FunctionDeclarationElement {
                                span: Span {
                                    file: "test_class_declaration_lowers_class_with_empty_constructor",
                                    module: "module/test_class_declaration_lowers_class_with_empty_constructor",
                                    start: 85,
                                    end: 179,
                                },
                                decorators: FunctionDecorators {
                                    annotations: [],
                                    export: false,
                                },
                                ident: Identifier {
                                    span: Span {
                                        file: "test_class_declaration_lowers_class_with_empty_constructor",
                                        module: "module/test_class_declaration_lowers_class_with_empty_constructor",
                                        start: 85,
                                        end: 179,
                                    },
                                    value: "Array#constructor",
                                },
                                params: FormalParameterList {
                                    span: Span {
                                        file: "test_class_declaration_lowers_class_with_empty_constructor",
                                        module: "module/test_class_declaration_lowers_class_with_empty_constructor",
                                        start: 96,
                                        end: 98,
                                    },
                                    parameters: [],
                                },
                                returns: Some(
                                    TypeAnnotation {
                                        span: Span {
                                            file: "test_class_declaration_lowers_class_with_empty_constructor",
                                            module: "module/test_class_declaration_lowers_class_with_empty_constructor",
                                            start: 85,
                                            end: 179,
                                        },
                                        ty: Binding(
                                            "ptr",
                                        ),
                                    },
                                ),
                                body: BlockStatement {
                                    span: Span {
                                        file: "test_class_declaration_lowers_class_with_empty_constructor",
                                        module: "module/test_class_declaration_lowers_class_with_empty_constructor",
                                        start: 99,
                                        end: 179,
                                    },
                                    statements: StatementList {
                                        statements: [
                                            Variable(
                                                VariableStatement {
                                                    span: Span {
                                                        file: "synthetic",
                                                        module: "synthetic",
                                                        start: 0,
                                                        end: 0,
                                                    },
                                                    modifier: Const(
                                                        Span {
                                                            file: "synthetic",
                                                            module: "synthetic",
                                                            start: 0,
                                                            end: 0,
                                                        },
                                                    ),
                                                    target: Identifier(
                                                        Identifier {
                                                            span: Span {
                                                                file: "synthetic",
                                                                module: "synthetic",
                                                                start: 0,
                                                                end: 0,
                                                            },
                                                            value: "this",
                                                        },
                                                    ),
                                                    expression: Arguments(
                                                        ArgumentsExpression {
                                                            span: Span {
                                                                file: "synthetic",
                                                                module: "synthetic",
                                                                start: 0,
                                                                end: 0,
                                                            },
                                                            ident: Identifier(
                                                                IdentifierExpression {
                                                                    span: Span {
                                                                        file: "synthetic",
                                                                        module: "synthetic",
                                                                        start: 0,
                                                                        end: 0,
                                                                    },
                                                                    ident: Identifier {
                                                                        span: Span {
                                                                            file: "synthetic",
                                                                            module: "synthetic",
                                                                            start: 0,
                                                                            end: 0,
                                                                        },
                                                                        value: "malloc",
                                                                    },
                                                                    ty: Binding(
                                                                        "ptr",
                                                                    ),
                                                                },
                                                            ),
                                                            arguments: ArgumentsList {
                                                                span: Span {
                                                                    file: "synthetic",
                                                                    module: "synthetic",
                                                                    start: 0,
                                                                    end: 0,
                                                                },
                                                                arguments: [
                                                                    Literal(
                                                                        Integer(
                                                                            IntegerLiteral {
                                                                                span: Span {
                                                                                    file: "synthetic",
                                                                                    module: "synthetic",
                                                                                    start: 0,
                                                                                    end: 0,
                                                                                },
                                                                                value: 8,
                                                                                ty: Binding(
                                                                                    "ptr",
                                                                                ),
                                                                            },
                                                                        ),
                                                                    ),
                                                                ],
                                                            },
                                                            ty: Binding(
                                                                "ptr",
                                                            ),
                                                        },
                                                    ),
                                                    type_annotation: None,
                                                },
                                            ),
                                            Expression(
                                                ExpressionStatement {
                                                    span: Span {
                                                        file: "test_class_declaration_lowers_class_with_empty_constructor",
                                                        module: "module/test_class_declaration_lowers_class_with_empty_constructor",
                                                        start: 117,
                                                        end: 129,
                                                    },
                                                    expression: Arguments(
                                                        ArgumentsExpression {
                                                            span: Span {
                                                                file: "synthetic",
                                                                module: "synthetic",
                                                                start: 0,
                                                                end: 0,
                                                            },
                                                            ident: Identifier(
                                                                IdentifierExpression {
                                                                    span: Span {
                                                                        file: "synthetic",
                                                                        module: "synthetic",
                                                                        start: 0,
                                                                        end: 0,
                                                                    },
                                                                    ident: Identifier {
                                                                        span: Span {
                                                                            file: "synthetic",
                                                                            module: "synthetic",
                                                                            start: 0,
                                                                            end: 0,
                                                                        },
                                                                        value: "i32Store",
                                                                    },
                                                                    ty: Binding(
                                                                        "i32",
                                                                    ),
                                                                },
                                                            ),
                                                            arguments: ArgumentsList {
                                                                span: Span {
                                                                    file: "synthetic",
                                                                    module: "synthetic",
                                                                    start: 0,
                                                                    end: 0,
                                                                },
                                                                arguments: [
                                                                    Additive(
                                                                        BinaryExpression {
                                                                            span: Span {
                                                                                file: "synthetic",
                                                                                module: "synthetic",
                                                                                start: 0,
                                                                                end: 0,
                                                                            },
                                                                            left: Identifier(
                                                                                IdentifierExpression {
                                                                                    span: Span {
                                                                                        file: "synthetic",
                                                                                        module: "synthetic",
                                                                                        start: 0,
                                                                                        end: 0,
                                                                                    },
                                                                                    ident: Identifier {
                                                                                        span: Span {
                                                                                            file: "synthetic",
                                                                                            module: "synthetic",
                                                                                            start: 0,
                                                                                            end: 0,
                                                                                        },
                                                                                        value: "this",
                                                                                    },
                                                                                    ty: Binding(
                                                                                        "i32",
                                                                                    ),
                                                                                },
                                                                            ),
                                                                            op: Plus(
                                                                                Span {
                                                                                    file: "synthetic",
                                                                                    module: "synthetic",
                                                                                    start: 0,
                                                                                    end: 0,
                                                                                },
                                                                            ),
                                                                            right: Literal(
                                                                                Integer(
                                                                                    IntegerLiteral {
                                                                                        span: Span {
                                                                                            file: "synthetic",
                                                                                            module: "synthetic",
                                                                                            start: 0,
                                                                                            end: 0,
                                                                                        },
                                                                                        value: 0,
                                                                                        ty: Binding(
                                                                                            "i32",
                                                                                        ),
                                                                                    },
                                                                                ),
                                                                            ),
                                                                            ty: Binding(
                                                                                "i32",
                                                                            ),
                                                                        },
                                                                    ),
                                                                    Literal(
                                                                        Integer(
                                                                            IntegerLiteral {
                                                                                span: Span {
                                                                                    file: "test_class_declaration_lowers_class_with_empty_constructor",
                                                                                    module: "module/test_class_declaration_lowers_class_with_empty_constructor",
                                                                                    start: 128,
                                                                                    end: 129,
                                                                                },
                                                                                value: 0,
                                                                                ty: Unknown,
                                                                            },
                                                                        ),
                                                                    ),
                                                                ],
                                                            },
                                                            ty: Binding(
                                                                "i32",
                                                            ),
                                                        },
                                                    ),
                                                },
                                            ),
                                            Expression(
                                                ExpressionStatement {
                                                    span: Span {
                                                        file: "test_class_declaration_lowers_class_with_empty_constructor",
                                                        module: "module/test_class_declaration_lowers_class_with_empty_constructor",
                                                        start: 147,
                                                        end: 164,
                                                    },
                                                    expression: Arguments(
                                                        ArgumentsExpression {
                                                            span: Span {
                                                                file: "synthetic",
                                                                module: "synthetic",
                                                                start: 0,
                                                                end: 0,
                                                            },
                                                            ident: Identifier(
                                                                IdentifierExpression {
                                                                    span: Span {
                                                                        file: "synthetic",
                                                                        module: "synthetic",
                                                                        start: 0,
                                                                        end: 0,
                                                                    },
                                                                    ident: Identifier {
                                                                        span: Span {
                                                                            file: "synthetic",
                                                                            module: "synthetic",
                                                                            start: 0,
                                                                            end: 0,
                                                                        },
                                                                        value: "i32Store",
                                                                    },
                                                                    ty: Binding(
                                                                        "i32",
                                                                    ),
                                                                },
                                                            ),
                                                            arguments: ArgumentsList {
                                                                span: Span {
                                                                    file: "synthetic",
                                                                    module: "synthetic",
                                                                    start: 0,
                                                                    end: 0,
                                                                },
                                                                arguments: [
                                                                    Additive(
                                                                        BinaryExpression {
                                                                            span: Span {
                                                                                file: "synthetic",
                                                                                module: "synthetic",
                                                                                start: 0,
                                                                                end: 0,
                                                                            },
                                                                            left: Identifier(
                                                                                IdentifierExpression {
                                                                                    span: Span {
                                                                                        file: "synthetic",
                                                                                        module: "synthetic",
                                                                                        start: 0,
                                                                                        end: 0,
                                                                                    },
                                                                                    ident: Identifier {
                                                                                        span: Span {
                                                                                            file: "synthetic",
                                                                                            module: "synthetic",
                                                                                            start: 0,
                                                                                            end: 0,
                                                                                        },
                                                                                        value: "this",
                                                                                    },
                                                                                    ty: Binding(
                                                                                        "i32",
                                                                                    ),
                                                                                },
                                                                            ),
                                                                            op: Plus(
                                                                                Span {
                                                                                    file: "synthetic",
                                                                                    module: "synthetic",
                                                                                    start: 0,
                                                                                    end: 0,
                                                                                },
                                                                            ),
                                                                            right: Literal(
                                                                                Integer(
                                                                                    IntegerLiteral {
                                                                                        span: Span {
                                                                                            file: "synthetic",
                                                                                            module: "synthetic",
                                                                                            start: 0,
                                                                                            end: 0,
                                                                                        },
                                                                                        value: 4,
                                                                                        ty: Binding(
                                                                                            "i32",
                                                                                        ),
                                                                                    },
                                                                                ),
                                                                            ),
                                                                            ty: Binding(
                                                                                "i32",
                                                                            ),
                                                                        },
                                                                    ),
                                                                    Literal(
                                                                        Integer(
                                                                            IntegerLiteral {
                                                                                span: Span {
                                                                                    file: "test_class_declaration_lowers_class_with_empty_constructor",
                                                                                    module: "module/test_class_declaration_lowers_class_with_empty_constructor",
                                                                                    start: 163,
                                                                                    end: 164,
                                                                                },
                                                                                value: 0,
                                                                                ty: Unknown,
                                                                            },
                                                                        ),
                                                                    ),
                                                                ],
                                                            },
                                                            ty: Binding(
                                                                "i32",
                                                            ),
                                                        },
                                                    ),
                                                },
                                            ),
                                            Return(
                                                ReturnStatement {
                                                    span: Span {
                                                        file: "synthetic",
                                                        module: "synthetic",
                                                        start: 0,
                                                        end: 0,
                                                    },
                                                    expression: Identifier(
                                                        IdentifierExpression {
                                                            span: Span {
                                                                file: "test_class_declaration_lowers_class_with_empty_constructor",
                                                                module: "module/test_class_declaration_lowers_class_with_empty_constructor",
                                                                start: 85,
                                                                end: 179,
                                                            },
                                                            ident: Identifier {
                                                                span: Span {
                                                                    file: "test_class_declaration_lowers_class_with_empty_constructor",
                                                                    module: "module/test_class_declaration_lowers_class_with_empty_constructor",
                                                                    start: 85,
                                                                    end: 179,
                                                                },
                                                                value: "this",
                                                            },
                                                            ty: Binding(
                                                                "ptr",
                                                            ),
                                                        },
                                                    ),
                                                },
                                            ),
                                        ],
                                    },
                                },
                            },
                        ),
                    ],
                },
            },
        ],
    },
}
