---
source: jswt-semantics/src/locals/functions.rs
expression: local

---
LocalSemanticResolver {
    symbols: ScopedSymbolTable {
        scopes: [
            Span {
                file: "program",
                module: "root",
                start: 0,
                end: 0,
            },
        ],
        table: {
            Span {
                file: "program",
                module: "root",
                start: 0,
                end: 0,
            }: Scope {
                symbols: {
                    "test": Function(
                        FunctionSignature {
                            params: [
                                Binding(
                                    "i32",
                                ),
                                Binding(
                                    "i32",
                                ),
                            ],
                            returns: Binding(
                                "void",
                            ),
                        },
                    ),
                },
                ret: None,
            },
            Span {
                file: "test_function_parameters_are_in_scope",
                module: "module/test_function_parameters_are_in_scope",
                start: 39,
                end: 65,
            }: Scope {
                symbols: {
                    "x": Type(
                        TypeSignature {
                            ty: Binding(
                                "i32",
                            ),
                        },
                    ),
                    "y": Type(
                        TypeSignature {
                            ty: Binding(
                                "i32",
                            ),
                        },
                    ),
                },
                ret: None,
            },
        },
    },
    bindings: BindingsTable {
        bindings: {},
    },
    errors: [],
}
